// Jest Snapshot v1, https://goo.gl/fbAQLP

exports[`Login page structure should match the snapshot 1`] = `
ShallowWrapper {
  Symbol(enzyme.__root__): [Circular],
  Symbol(enzyme.__unrendered__): <Login />,
  Symbol(enzyme.__renderer__): Object {
    "batchedUpdates": [Function],
    "getNode": [Function],
    "render": [Function],
    "simulateError": [Function],
    "simulateEvent": [Function],
    "unmount": [Function],
  },
  Symbol(enzyme.__node__): Object {
    "instance": null,
    "key": undefined,
    "nodeType": "host",
    "props": Object {
      "children": Array [
        <h2>
          Please Sign in
        </h2>,
        <form
          className="col-md-6 xs-12"
          onSubmit={[Function]}
        >
          <Input
            id="email"
            label="Email:"
            name="email"
            onChange={[Function]}
            type="text"
            value=""
          />
          <Input
            id="password"
            label="Password:"
            name="password"
            onChange={[Function]}
            type="password"
            value=""
          />
          <button
            className="btn btn-primary"
            disabled={
              Object {
                "email": "\\"Email\\" is not allowed to be empty. \\"Email\\" must be a valid email",
                "password": "\\"Password\\" is not allowed to be empty",
              }
            }
          >
            Submit
          </button>
        </form>,
      ],
      "className": "container mt-5",
    },
    "ref": null,
    "rendered": Array [
      Object {
        "instance": null,
        "key": undefined,
        "nodeType": "host",
        "props": Object {
          "children": "Please Sign in",
        },
        "ref": null,
        "rendered": "Please Sign in",
        "type": "h2",
      },
      Object {
        "instance": null,
        "key": undefined,
        "nodeType": "host",
        "props": Object {
          "children": Array [
            <Input
              id="email"
              label="Email:"
              name="email"
              onChange={[Function]}
              type="text"
              value=""
            />,
            <Input
              id="password"
              label="Password:"
              name="password"
              onChange={[Function]}
              type="password"
              value=""
            />,
            <button
              className="btn btn-primary"
              disabled={
                Object {
                  "email": "\\"Email\\" is not allowed to be empty. \\"Email\\" must be a valid email",
                  "password": "\\"Password\\" is not allowed to be empty",
                }
              }
            >
              Submit
            </button>,
          ],
          "className": "col-md-6 xs-12",
          "onSubmit": [Function],
        },
        "ref": null,
        "rendered": Array [
          Object {
            "instance": null,
            "key": undefined,
            "nodeType": "function",
            "props": Object {
              "error": undefined,
              "id": "email",
              "label": "Email:",
              "name": "email",
              "onChange": [Function],
              "type": "text",
              "value": "",
            },
            "ref": null,
            "rendered": null,
            "type": [Function],
          },
          Object {
            "instance": null,
            "key": undefined,
            "nodeType": "function",
            "props": Object {
              "error": undefined,
              "id": "password",
              "label": "Password:",
              "name": "password",
              "onChange": [Function],
              "type": "password",
              "value": "",
            },
            "ref": null,
            "rendered": null,
            "type": [Function],
          },
          Object {
            "instance": null,
            "key": undefined,
            "nodeType": "host",
            "props": Object {
              "children": "Submit",
              "className": "btn btn-primary",
              "disabled": Object {
                "email": "\\"Email\\" is not allowed to be empty. \\"Email\\" must be a valid email",
                "password": "\\"Password\\" is not allowed to be empty",
              },
            },
            "ref": null,
            "rendered": "Submit",
            "type": "button",
          },
        ],
        "type": "form",
      },
    ],
    "type": "div",
  },
  Symbol(enzyme.__nodes__): Array [
    Object {
      "instance": null,
      "key": undefined,
      "nodeType": "host",
      "props": Object {
        "children": Array [
          <h2>
            Please Sign in
          </h2>,
          <form
            className="col-md-6 xs-12"
            onSubmit={[Function]}
          >
            <Input
              id="email"
              label="Email:"
              name="email"
              onChange={[Function]}
              type="text"
              value=""
            />
            <Input
              id="password"
              label="Password:"
              name="password"
              onChange={[Function]}
              type="password"
              value=""
            />
            <button
              className="btn btn-primary"
              disabled={
                Object {
                  "email": "\\"Email\\" is not allowed to be empty. \\"Email\\" must be a valid email",
                  "password": "\\"Password\\" is not allowed to be empty",
                }
              }
            >
              Submit
            </button>
          </form>,
        ],
        "className": "container mt-5",
      },
      "ref": null,
      "rendered": Array [
        Object {
          "instance": null,
          "key": undefined,
          "nodeType": "host",
          "props": Object {
            "children": "Please Sign in",
          },
          "ref": null,
          "rendered": "Please Sign in",
          "type": "h2",
        },
        Object {
          "instance": null,
          "key": undefined,
          "nodeType": "host",
          "props": Object {
            "children": Array [
              <Input
                id="email"
                label="Email:"
                name="email"
                onChange={[Function]}
                type="text"
                value=""
              />,
              <Input
                id="password"
                label="Password:"
                name="password"
                onChange={[Function]}
                type="password"
                value=""
              />,
              <button
                className="btn btn-primary"
                disabled={
                  Object {
                    "email": "\\"Email\\" is not allowed to be empty. \\"Email\\" must be a valid email",
                    "password": "\\"Password\\" is not allowed to be empty",
                  }
                }
              >
                Submit
              </button>,
            ],
            "className": "col-md-6 xs-12",
            "onSubmit": [Function],
          },
          "ref": null,
          "rendered": Array [
            Object {
              "instance": null,
              "key": undefined,
              "nodeType": "function",
              "props": Object {
                "error": undefined,
                "id": "email",
                "label": "Email:",
                "name": "email",
                "onChange": [Function],
                "type": "text",
                "value": "",
              },
              "ref": null,
              "rendered": null,
              "type": [Function],
            },
            Object {
              "instance": null,
              "key": undefined,
              "nodeType": "function",
              "props": Object {
                "error": undefined,
                "id": "password",
                "label": "Password:",
                "name": "password",
                "onChange": [Function],
                "type": "password",
                "value": "",
              },
              "ref": null,
              "rendered": null,
              "type": [Function],
            },
            Object {
              "instance": null,
              "key": undefined,
              "nodeType": "host",
              "props": Object {
                "children": "Submit",
                "className": "btn btn-primary",
                "disabled": Object {
                  "email": "\\"Email\\" is not allowed to be empty. \\"Email\\" must be a valid email",
                  "password": "\\"Password\\" is not allowed to be empty",
                },
              },
              "ref": null,
              "rendered": "Submit",
              "type": "button",
            },
          ],
          "type": "form",
        },
      ],
      "type": "div",
    },
  ],
  Symbol(enzyme.__options__): Object {
    "adapter": ReactSixteenAdapter {
      "options": Object {
        "enableComponentDidUpdateOnSetState": true,
        "lifecycles": Object {
          "componentDidUpdate": Object {
            "onSetState": true,
          },
          "getDerivedStateFromProps": true,
          "getSnapshotBeforeUpdate": true,
          "setState": Object {
            "skipsComponentDidUpdateOnNullish": true,
          },
        },
      },
    },
  },
}
`;
